[    2312ms] Uncaught TypeError: Cannot read properties of undefined (reading 'usedContainerScopedDefaults')
    at k.getConsentState (https://matterhorn.eu.patagonia.com/gtm.js?id=GTM-PWM6SX32:462:105)
    at <anonymous> (:0:45)
    at <anonymous> (:0:403)
    at ba.safeWriteInsert (https://rapid-cdn.yottaa.com/rapid/lib/WxitjJbVt8BvmQ.js:0:91667)
    at P.afterShock (https://rapid-cdn.yottaa.com/rapid/lib/WxitjJbVt8BvmQ.js:0:93747)
    at P.execute (https://rapid-cdn.yottaa.com/rapid/lib/WxitjJbVt8BvmQ.js:0:93166)
    at Wa (https://rapid-cdn.yottaa.com/rapid/lib/WxitjJbVt8BvmQ.js:0:33674)
    at Sb (https://rapid-cdn.yottaa.com/rapid/lib/WxitjJbVt8BvmQ.js:0:33097)
    at <anonymous> (https://matterhorn.eu.patagonia.com/gtm.js?id=GTM-PWM6SX32:946:428)
    at VR (https://matterhorn.eu.patagonia.com/gtm.js?id=GTM-PWM6SX32:948:30)
    at UR (https://matterhorn.eu.patagonia.com/gtm.js?id=GTM-PWM6SX32:945:91)
    at <anonymous> (https://matterhorn.eu.patagonia.com/gtm.js?id=GTM-PWM6SX32:395:186)
    at k.apply (https://matterhorn.eu.patagonia.com/gtm.js?id=GTM-PWM6SX32:321:465)
    at hb (https://matterhorn.eu.patagonia.com/gtm.js?id=GTM-PWM6SX32:284:718)
    at gb (https://matterhorn.eu.patagonia.com/gtm.js?id=GTM-PWM6SX32:284:469)
    at <anonymous> (https://matterhorn.eu.patagonia.com/gtm.js?id=GTM-PWM6SX32:345:472)
    at k.apply (https://matterhorn.eu.patagonia.com/gtm.js?id=GTM-PWM6SX32:321:465)
    at hb (https://matterhorn.eu.patagonia.com/gtm.js?id=GTM-PWM6SX32:284:718)
    at k.zq (https://matterhorn.eu.patagonia.com/gtm.js?id=GTM-PWM6SX32:284:1285)
    at tf (https://matterhorn.eu.patagonia.com/gtm.js?id=GTM-PWM6SX32:356:959)
    at <anonymous> (https://matterhorn.eu.patagonia.com/gtm.js?id=GTM-PWM6SX32:808:314)
    at Az (https://matterhorn.eu.patagonia.com/gtm.js?id=GTM-PWM6SX32:713:0)
    at Fz.evaluate (https://matterhorn.eu.patagonia.com/gtm.js?id=GTM-PWM6SX32:717:721)
    at e (https://matterhorn.eu.patagonia.com/gtm.js?id=GTM-PWM6SX32:737:217)
    at cB (https://matterhorn.eu.patagonia.com/gtm.js?id=GTM-PWM6SX32:738:772)
    at fB (https://matterhorn.eu.patagonia.com/gtm.js?id=GTM-PWM6SX32:743:28)
    at pD (https://matterhorn.eu.patagonia.com/gtm.js?id=GTM-PWM6SX32:785:251)
    at c.push (https://matterhorn.eu.patagonia.com/gtm.js?id=GTM-PWM6SX32:789:208)
    at c.push (https://matterhorn.eu.patagonia.com/gtag/js?id=G-7BM4Z0QBKP&cx=c&gtm=4e65k1&sign=321f24e4f2f08ffbff9adf4b4cfdc00daf14aaed45295f36a652d6e51f93e62f_20260522:794:68)
    at c.push (https://www.googletagmanager.com/gtag/js?id=AW-854953559&cx=c&gtm=4e65k1&sign=321f24e4f2f08ffbff9adf4b4cfdc00daf14aaed45295f36a652d6e51f93e62f_20260522:641:68)
    at c.push (https://www.googletagmanager.com/gtag/js?id=DC-9547369&cx=c&gtm=4e65k1&sign=321f24e4f2f08ffbff9adf4b4cfdc00daf14aaed45295f36a652d6e51f93e62f_20260522:589:68)
    at c.push (https://www.googletagmanager.com/gtag/js?id=AW-427880931&cx=c&gtm=4e65k1&sign=321f24e4f2f08ffbff9adf4b4cfdc00daf14aaed45295f36a652d6e51f93e62f_20260522:663:68)
    at Pn.dispatchEvents (https://cdn.cookielaw.org/scripttemplates/202503.2.0/otBannerSdk.js:6:176272)
    at Pn.updateGtmMacros (https://cdn.cookielaw.org/scripttemplates/202503.2.0/otBannerSdk.js:6:175412)
    at mr.Init (https://cdn.cookielaw.org/scripttemplates/202503.2.0/otBannerSdk.js:6:345352)
    at <anonymous> (https://cdn.cookielaw.org/scripttemplates/202503.2.0/otBannerSdk.js:6:496473)
    at <anonymous> (https://cdn.cookielaw.org/scripttemplates/202503.2.0/otBannerSdk.js:6:1976)
    at n (https://cdn.cookielaw.org/scripttemplates/202503.2.0/otBannerSdk.js:6:751)
[    2395ms] [LOG] [CONSENT] -- OptanonWrapper called (EU) -- @ https://eu.patagonia.com/es/es/home/?locale=en_ES&currency=EUR:337
[    2395ms] [INFO] [CONSENT] Previous OptanonActiveGroups: not set @ https://eu.patagonia.com/es/es/home/?locale=en_ES&currency=EUR:353
[    2395ms] [INFO] [CONSENT] Current OptanonActiveGroups: ,C0001, @ https://eu.patagonia.com/es/es/home/?locale=en_ES&currency=EUR:358
[    2395ms] [INFO] [CONSENT] Consent has changed @ https://eu.patagonia.com/es/es/home/?locale=en_ES&currency=EUR:363
[    2395ms] [INFO] [CONSENT] ad_storage is denied @ https://eu.patagonia.com/es/es/home/?locale=en_ES&currency=EUR:371
[    2395ms] [INFO] [CONSENT] ad_user_data is denied @ https://eu.patagonia.com/es/es/home/?locale=en_ES&currency=EUR:371
[    2395ms] [INFO] [CONSENT] ad_personalization is denied @ https://eu.patagonia.com/es/es/home/?locale=en_ES&currency=EUR:371
[    2395ms] [INFO] [CONSENT] analytics_storage is denied @ https://eu.patagonia.com/es/es/home/?locale=en_ES&currency=EUR:371
[    2395ms] [INFO] [CONSENT] personalization_storage is denied @ https://eu.patagonia.com/es/es/home/?locale=en_ES&currency=EUR:371
[    2395ms] [INFO] [CONSENT] functionality_storage is denied @ https://eu.patagonia.com/es/es/home/?locale=en_ES&currency=EUR:371
[    2396ms] [INFO] [CONSENT] security_storage is denied @ https://eu.patagonia.com/es/es/home/?locale=en_ES&currency=EUR:371
[    2456ms] [INFO] [CONSENT] Consent updated @ https://eu.patagonia.com/es/es/home/?locale=en_ES&currency=EUR:376
[   17067ms] [ERROR] Failed to load resource: the server responded with a status of 404 () @ https://eu.patagonia.com/on/demandware.static/Sites-patagonia-eu-Site/-/default/dw364e6578/fonts/7195d5d0-582f-42d4-86ca-9da8dc31146e.woff2:0
[   17110ms] [ERROR] Failed to load resource: the server responded with a status of 404 () @ https://eu.patagonia.com/on/demandware.static/Sites-patagonia-eu-Site/-/default/dw7532db56/fonts/b729a5ee-0221-40db-9a76-7b9e9b747f65.woff2:0
[   17137ms] [ERROR] Failed to load resource: the server responded with a status of 404 () @ https://eu.patagonia.com/on/demandware.static/Sites-patagonia-eu-Site/-/default/dw7532db56/fonts/b729a5ee-0221-40db-9a76-7b9e9b747f65.woff2:0
[   17142ms] [ERROR] Failed to load resource: the server responded with a status of 404 () @ https://eu.patagonia.com/on/demandware.static/Sites-patagonia-eu-Site/-/default/dw364e6578/fonts/7195d5d0-582f-42d4-86ca-9da8dc31146e.woff2:0
[   17165ms] [ERROR] Failed to load resource: the server responded with a status of 404 () @ https://eu.patagonia.com/on/demandware.static/Sites-patagonia-eu-Site/-/default/dw7532db56/fonts/b729a5ee-0221-40db-9a76-7b9e9b747f65.woff2:0
[   17171ms] [ERROR] Failed to load resource: the server responded with a status of 404 () @ https://eu.patagonia.com/on/demandware.static/Sites-patagonia-eu-Site/-/default/dw364e6578/fonts/7195d5d0-582f-42d4-86ca-9da8dc31146e.woff2:0
